=================================================
   LRE Tiger Compiler 1.95.a: ./test-suite.log
=================================================

# TOTAL: 16
# PASS:  14
# SKIP:  0
# XFAIL: 0
# FAIL:  2
# XPASS: 0
# ERROR: 0

.. contents:: :depth: 2

FAIL: src/parse/test-parse
==========================

FAIL src/parse/test-parse (exit status: 139)

FAIL: src/object/test-parse
===========================

FAIL src/object/test-parse (exit status: 139)

